6991:PR 228: CI pending — skip
6995:PR 228: CI pending — skip
6999:PR 228: CI pending — skip
7003:PR 228: CI pending — skip
7007:PR 228: verifier assessment missing — refusing merge (green CI is insufficient)
7011:PR 228: verifier assessment missing — refusing merge (green CI is insufficient)
7015:PR 228: verifier assessment missing — refusing merge (green CI is insufficient)
7019:PR 228: verifier assessment missing — refusing merge (green CI is insufficient)
7023:PR 228: verifier assessment missing — refusing merge (green CI is insufficient)
7027:PR 228: verifier assessment missing — refusing merge (green CI is insufficient)
7031:PR 228: verifier assessment missing — refusing merge (green CI is insufficient)
7035:PR 228: verifier assessment missing — refusing merge (green CI is insufficient)
7039:PR 228: verifier assessment missing — refusing merge (green CI is insufficient)
7043:PR 228: verifier assessment missing — refusing merge (green CI is insufficient)
7047:PR 228: verifier assessment missing — refusing merge (green CI is insufficient)
7051:PR 228: verifier assessment missing — refusing merge (green CI is insufficient)
7055:PR 228: CI pending — skip
7059:PR 228: CI pending — skip
7063:PR 228: CI pending — skip
7067:PR 228: CI pending — skip
7071:PR 228: CI pending — skip
7075:PR 228: CI pending — skip
7079:PR 228: verifier assessment missing — refusing merge (green CI is insufficient)
7083:PR 228: verifier assessment missing — refusing merge (green CI is insufficient)
7087:PR 228: verifier assessment missing — refusing merge (green CI is insufficient)
7091:PR 228: verifier assessment missing — refusing merge (green CI is insufficient)
7095:PR 228: verifier assessment missing — refusing merge (green CI is insufficient)
7099:PR 228: verifier assessment missing — refusing merge (green CI is insufficient)
7103:PR 228: assessment no-fail (all gates cleared)
7104:PR 228: not MERGEABLE (conflicts) — skip
7108:PR 228: assessment no-fail (all gates cleared)
7109:PR 228: gates red-free + mergeable — merging
7110:PR 228 MERGED, bead ez-gh-actions-mw5a closed+READY
